// Jest Snapshot v1, https://goo.gl/fbAQLP

exports[`snapshot app 1`] = `
<div>
  <ul>
    <li>
      <a
        href="/"
        onClick={[Function]}
      >
        Home
      </a>
    </li>
    <li>
      <a
        href="/userlist"
        onClick={[Function]}
      >
        User List
      </a>
    </li>
    <li>
      <a
        href="/login"
        onClick={[Function]}
      >
        Login
      </a>
    </li>
  </ul>
</div>
`;
