// Jest Snapshot v1, https://goo.gl/fbAQLP

exports[`snapshot app 1`] = `
<div>
  <h1
    className="text-center jumbotron"
  >
    Register
  </h1>
  <form
    className="text-center"
    onSubmit={[Function]}
  >
    <p>
      Username
    </p>
    <input />
    <p
      style={
        Object {
          "color": "red",
        }
      }
    >
      
    </p>
    <p>
      Email
    </p>
    <input />
    <p
      style={
        Object {
          "color": "red",
        }
      }
    >
      
    </p>
    <p>
      Password
    </p>
    <input />
    <p
      style={
        Object {
          "color": "red",
        }
      }
    >
      
    </p>
    <p>
      Password2
    </p>
    <input />
    <p
      style={
        Object {
          "color": "red",
        }
      }
    >
      
    </p>
    <br />
    <button
      type="submit"
    >
      Create Account
    </button>
    <p
      style={
        Object {
          "color": "green",
        }
      }
    >
      
    </p>
  </form>
</div>
`;
